{
    "user_name": "ippei",
    "password": "test"
}